1: U 1: started
2: U 2: started
3: Z 1: started
4: U 3: started
5: Z 3: started
6: U 2: taking break
7: U 1: taking break
8: Z 2: started
9: U 3: taking break
10: U 4: started
11: U 4: taking break
12: Z 4: started
13: Z 6: started
14: Z 12: started
15: Z 2: entering office for a service 1
16: Z 14: started
17: Z 9: started
18: Z 17: started
19: Z 10: started
20: Z 19: started
21: Z 7: started
22: Z 13: started
23: Z 8: started
24: Z 24: started
25: Z 25: started
26: Z 16: started
27: Z 5: started
28: Z 28: started
29: Z 11: started
30: Z 20: started
31: Z 21: started
32: Z 22: started
33: Z 23: started
34: Z 4: entering office for a service 1
35: Z 15: started
36: Z 26: started
37: Z 27: started
38: Z 18: started
39: Z 29: started
40: Z 30: started
41: Z 17: entering office for a service 3
42: Z 7: entering office for a service 1
43: Z 8: entering office for a service 2
44: Z 24: entering office for a service 2
45: Z 11: entering office for a service 1
46: Z 6: entering office for a service 3
47: Z 12: entering office for a service 1
48: Z 22: entering office for a service 2
49: Z 1: entering office for a service 3
50: Z 10: entering office for a service 2
51: Z 3: entering office for a service 3
52: Z 30: entering office for a service 2
53: U 4: break finished
54: Z 16: entering office for a service 1
55: U 4: serving a service of type 2
56: Z 8: called by office worker
57: Z 5: entering office for a service 3
58: Z 28: entering office for a service 3
59: Z 8: going home
60: Z 14: entering office for a service 2
61: Z 29: entering office for a service 2
62: U 1: break finished
63: Z 19: entering office for a service 1
64: U 1: serving a service of type 3
65: Z 13: entering office for a service 2
66: U 3: break finished
67: Z 17: called by office worker
68: U 3: serving a service of type 1
69: Z 2: called by office worker
70: Z 17: going home
71: Z 20: entering office for a service 2
72: Z 21: entering office for a service 2
73: Z 23: entering office for a service 3
74: Z 26: entering office for a service 1
75: Z 9: entering office for a service 1
76: Z 18: entering office for a service 3
77: U 2: break finished
78: U 2: serving a service of type 3
79: Z 6: called by office worker
80: Z 25: entering office for a service 2
81: Z 15: entering office for a service 2
82: Z 27: entering office for a service 3
83: U 4: service finished
84: U 4: serving a service of type 1
85: Z 4: called by office worker
86: Z 2: going home
87: U 2: service finished
88: U 2: serving a service of type 1
89: U 1: service finished
90: U 1: serving a service of type 3
91: Z 7: called by office worker
92: U 3: service finished
93: U 3: serving a service of type 2
94: Z 24: called by office worker
95: Z 1: called by office worker
96: U 1: service finished
97: U 1: serving a service of type 1
98: Z 11: called by office worker
99: U 1: service finished
100: U 1: serving a service of type 2
101: Z 22: called by office worker
102: Z 4: going home
103: Z 6: going home
104: Z 7: going home
105: Z 1: going home
106: U 4: service finished
107: U 4: serving a service of type 2
108: Z 10: called by office worker
109: Z 22: going home
110: Z 10: going home
111: U 4: service finished
112: U 4: serving a service of type 3
113: Z 3: called by office worker
114: U 3: service finished
115: Z 24: going home
116: U 3: serving a service of type 3
117: Z 5: called by office worker
118: U 1: service finished
119: Z 11: going home
120: Z 28: called by office worker
121: U 1: serving a service of type 3
122: U 2: service finished
123: U 2: serving a service of type 1
124: Z 12: called by office worker
125: U 3: service finished
126: U 3: serving a service of type 2
127: Z 30: called by office worker
128: Z 28: going home
129: Z 5: going home
130: U 2: service finished
131: U 2: serving a service of type 2
132: Z 12: going home
133: Z 14: called by office worker
134: Z 14: going home
135: U 3: service finished
136: U 3: serving a service of type 1
137: Z 16: called by office worker
138: Z 30: going home
139: Z 16: going home
140: Z 3: going home
141: U 4: service finished
142: U 4: serving a service of type 1
143: Z 19: called by office worker
144: U 1: service finished
145: U 1: serving a service of type 3
146: Z 23: called by office worker
147: U 4: service finished
148: Z 19: going home
149: Z 18: called by office worker
150: U 4: serving a service of type 3
151: U 4: service finished
152: U 4: serving a service of type 3
153: Z 27: called by office worker
154: U 2: service finished
155: U 2: serving a service of type 1
156: Z 26: called by office worker
157: Z 23: going home
158: Z 26: going home
159: U 2: service finished
160: U 2: serving a service of type 2
161: Z 29: called by office worker
162: U 3: service finished
163: U 3: serving a service of type 1
164: Z 9: called by office worker
165: Z 27: going home
166: Z 29: going home
167: U 1: service finished
168: U 1: serving a service of type 2
169: Z 13: called by office worker
170: U 2: service finished
171: U 2: serving a service of type 2
172: Z 20: called by office worker
173: Z 20: going home
174: Z 18: going home
175: U 4: service finished
176: U 4: serving a service of type 2
177: Z 21: called by office worker
178: U 2: service finished
179: U 3: service finished
180: U 3: serving a service of type 2
181: U 2: serving a service of type 2
182: Z 15: called by office worker
183: Z 25: called by office worker
184: U 4: service finished
185: U 4: taking break
186: U 4: break finished
187: U 4: taking break
188: Z 25: going home
189: U 4: break finished
190: U 4: taking break
191: Z 9: going home
192: U 3: service finished
193: U 2: service finished
194: U 2: taking break
195: U 3: taking break
196: Z 15: going home
197: U 3: break finished
198: U 3: taking break
199: Z 21: going home
200: Z 13: going home
201: U 3: break finished
202: U 3: taking break
203: U 3: break finished
204: U 3: taking break
205: U 4: break finished
206: U 4: taking break
207: U 1: service finished
208: U 1: taking break
209: U 2: break finished
210: U 2: taking break
211: U 3: break finished
212: U 3: taking break
213: U 3: break finished
214: U 3: taking break
215: U 3: break finished
216: U 3: taking break
217: U 1: break finished
218: U 1: taking break
219: U 2: break finished
220: U 2: taking break
221: U 1: break finished
222: U 1: taking break
223: U 3: break finished
224: U 3: taking break
225: U 4: break finished
226: U 4: taking break
227: U 3: break finished
228: U 3: taking break
229: U 2: break finished
230: U 2: taking break
231: U 1: break finished
232: U 1: taking break
233: U 1: break finished
234: U 1: taking break
235: U 2: break finished
236: U 2: taking break
237: U 2: break finished
238: U 2: taking break
239: U 3: break finished
240: U 3: taking break
241: U 4: break finished
242: U 4: taking break
243: U 2: break finished
244: U 2: taking break
245: U 1: break finished
246: U 1: taking break
247: U 1: break finished
248: U 1: taking break
249: U 4: break finished
250: U 4: taking break
251: U 1: break finished
252: U 1: taking break
253: U 3: break finished
254: U 3: taking break
255: U 4: break finished
256: U 4: taking break
257: U 4: break finished
258: U 4: taking break
259: U 2: break finished
260: U 2: taking break
261: U 3: break finished
262: U 3: taking break
263: U 1: break finished
264: U 1: taking break
265: U 1: break finished
266: U 1: taking break
267: U 1: break finished
268: U 1: taking break
269: U 3: break finished
270: U 3: taking break
271: U 3: break finished
272: U 3: taking break
273: U 4: break finished
274: U 4: taking break
275: U 2: break finished
276: U 2: taking break
277: U 3: break finished
278: U 3: taking break
279: U 4: break finished
280: U 4: taking break
281: U 1: break finished
282: U 1: taking break
283: U 3: break finished
284: U 3: taking break
285: U 2: break finished
286: U 2: taking break
287: U 1: break finished
288: U 1: taking break
289: U 1: break finished
290: U 1: taking break
291: U 3: break finished
292: U 3: taking break
293: U 4: break finished
294: U 4: taking break
295: U 1: break finished
296: U 1: taking break
297: U 1: break finished
298: U 1: taking break
299: U 2: break finished
300: U 2: taking break
301: U 3: break finished
302: U 3: taking break
303: U 4: break finished
304: U 4: taking break
305: U 1: break finished
306: U 1: taking break
307: U 2: break finished
308: U 2: taking break
309: U 4: break finished
310: U 4: taking break
311: U 3: break finished
312: U 3: taking break
313: U 1: break finished
314: U 1: taking break
315: U 1: break finished
316: U 3: break finished
317: U 3: taking break
318: U 1: taking break
319: U 4: break finished
320: U 4: taking break
321: U 2: break finished
322: U 2: taking break
323: U 4: break finished
324: U 4: taking break
325: U 4: break finished
326: U 4: taking break
327: U 1: break finished
328: U 1: taking break
329: U 1: break finished
330: U 1: taking break
331: U 3: break finished
332: U 3: taking break
333: U 2: break finished
334: U 2: taking break
335: U 2: break finished
336: U 2: taking break
337: U 4: break finished
338: U 4: taking break
339: U 1: break finished
340: U 1: taking break
341: U 3: break finished
342: U 3: taking break
343: U 2: break finished
344: U 2: taking break
345: U 4: break finished
346: U 4: taking break
347: U 4: break finished
348: U 4: taking break
349: U 4: break finished
350: U 4: taking break
351: U 2: break finished
352: U 2: taking break
353: U 1: break finished
354: U 1: taking break
355: U 1: break finished
356: U 1: taking break
357: U 1: break finished
358: U 1: taking break
359: U 3: break finished
360: U 3: taking break
361: U 4: break finished
362: U 4: taking break
363: U 4: break finished
364: U 4: taking break
365: U 2: break finished
366: U 2: taking break
367: U 1: break finished
368: U 1: taking break
369: U 1: break finished
370: U 1: taking break
371: U 4: break finished
372: U 4: taking break
373: U 2: break finished
374: U 2: taking break
375: U 1: break finished
376: U 1: taking break
377: U 4: break finished
378: U 4: taking break
379: U 3: break finished
380: U 3: taking break
381: U 2: break finished
382: U 2: taking break
383: U 1: break finished
384: U 1: taking break
385: U 4: break finished
386: U 4: taking break
387: U 4: break finished
388: U 4: taking break
389: U 3: break finished
390: U 3: taking break
391: U 2: break finished
392: U 2: taking break
393: U 1: break finished
394: U 1: taking break
395: U 3: break finished
396: U 3: taking break
397: U 4: break finished
398: U 4: taking break
399: U 3: break finished
400: U 3: taking break
401: U 2: break finished
402: U 2: taking break
403: U 1: break finished
404: U 1: taking break
405: U 4: break finished
406: U 4: taking break
407: U 4: break finished
408: U 4: taking break
409: U 3: break finished
410: U 3: taking break
411: U 3: break finished
412: U 3: taking break
413: U 2: break finished
414: U 2: taking break
415: U 1: break finished
416: U 1: taking break
417: U 4: break finished
418: U 4: taking break
419: U 3: break finished
420: U 3: taking break
421: U 2: break finished
422: U 2: taking break
423: U 2: break finished
424: U 2: taking break
425: U 2: break finished
426: U 2: taking break
427: U 1: break finished
428: U 1: taking break
429: U 4: break finished
430: U 4: taking break
431: U 2: break finished
432: U 2: taking break
433: U 4: break finished
434: U 4: taking break
435: U 3: break finished
436: U 3: taking break
437: U 4: break finished
438: U 4: taking break
439: U 3: break finished
440: U 3: taking break
441: U 1: break finished
442: U 1: taking break
443: U 2: break finished
444: U 2: taking break
445: U 2: break finished
446: U 2: taking break
447: U 2: break finished
448: U 2: taking break
449: U 1: break finished
450: U 1: taking break
451: U 4: break finished
452: U 4: taking break
453: U 3: break finished
454: U 3: taking break
455: U 2: break finished
456: U 2: taking break
457: U 1: break finished
458: U 1: taking break
459: U 1: break finished
460: U 1: taking break
461: U 4: break finished
462: U 4: taking break
463: U 4: break finished
464: U 4: taking break
465: U 3: break finished
466: U 3: taking break
467: U 2: break finished
468: U 2: taking break
469: U 1: break finished
470: U 1: taking break
471: U 2: break finished
472: U 2: taking break
473: U 2: break finished
474: U 2: taking break
475: U 4: break finished
476: U 4: taking break
477: U 3: break finished
478: U 3: taking break
479: U 1: break finished
480: U 1: taking break
481: U 2: break finished
482: U 2: taking break
483: U 2: break finished
484: U 2: taking break
485: U 4: break finished
486: U 4: taking break
487: U 2: break finished
488: U 2: taking break
489: U 2: break finished
490: U 2: taking break
491: U 1: break finished
492: U 1: taking break
493: U 4: break finished
494: U 4: taking break
495: U 2: break finished
496: U 2: taking break
497: U 3: break finished
498: U 3: taking break
499: U 1: break finished
500: U 1: taking break
501: U 4: break finished
502: U 4: taking break
503: U 3: break finished
504: U 3: taking break
505: U 2: break finished
506: U 2: taking break
507: U 2: break finished
508: U 2: taking break
509: U 2: break finished
510: U 2: taking break
511: U 2: break finished
512: U 2: taking break
513: U 3: break finished
514: U 3: taking break
515: U 1: break finished
516: U 1: taking break
517: closing
518: U 4: break finished
519: U 4: going home
520: U 3: break finished
521: U 3: going home
522: U 2: break finished
523: U 2: going home
524: U 1: break finished
525: U 1: going home
