1: U 1: started
2: U 1: taking break
3: U 3: started
4: U 3: taking break
5: U 2: started
6: U 2: taking break
7: U 6: started
8: U 6: taking break
9: U 5: started
10: U 5: taking break
11: U 4: started
12: U 4: taking break
13: Z 1: started
14: Z 3: started
15: Z 2: started
16: Z 4: started
17: Z 5: started
18: Z 6: started
19: Z 3: entering office for a service 2
20: Z 8: started
21: Z 7: started
22: Z 15: started
23: Z 10: started
24: Z 11: started
25: Z 12: started
26: Z 13: started
27: Z 14: started
28: Z 9: started
29: Z 16: started
30: Z 17: started
31: Z 18: started
32: Z 19: started
33: Z 20: started
34: Z 13: entering office for a service 2
35: Z 21: started
36: U 5: break finished
37: Z 22: started
38: Z 30: started
39: Z 24: started
40: Z 32: started
41: Z 26: started
42: Z 27: started
43: Z 14: entering office for a service 1
44: Z 28: started
45: U 5: serving a service of type 2
46: Z 29: started
47: Z 3: called by office worker
48: Z 23: started
49: Z 39: started
50: Z 25: started
51: Z 41: started
52: Z 34: started
53: Z 43: started
54: Z 4: entering office for a service 2
55: Z 36: started
56: Z 37: started
57: Z 38: started
58: Z 31: started
59: Z 40: started
60: Z 33: started
61: Z 42: started
62: Z 35: started
63: Z 44: started
64: Z 21: entering office for a service 3
65: Z 45: started
66: Z 46: started
67: Z 47: started
68: Z 48: started
69: Z 49: started
70: Z 50: started
71: Z 51: started
72: Z 52: started
73: Z 53: started
74: Z 24: entering office for a service 1
75: Z 62: started
76: Z 55: started
77: Z 56: started
78: Z 57: started
79: Z 58: started
80: Z 59: started
81: Z 60: started
82: Z 3: going home
83: Z 61: started
84: Z 54: started
85: Z 28: entering office for a service 3
86: Z 63: started
87: Z 64: started
88: Z 65: started
89: Z 66: started
90: Z 76: started
91: Z 68: started
92: Z 69: started
93: Z 71: started
94: Z 70: started
95: Z 11: entering office for a service 1
96: Z 72: started
97: Z 73: started
98: Z 74: started
99: Z 75: started
100: Z 67: started
101: Z 77: started
102: U 3: break finished
103: Z 78: started
104: Z 79: started
105: Z 80: started
106: Z 9: entering office for a service 1
107: Z 81: started
108: Z 82: started
109: Z 83: started
110: Z 84: started
111: Z 85: started
112: Z 86: started
113: Z 87: started
114: U 3: serving a service of type 3
115: Z 21: called by office worker
116: Z 88: started
117: Z 89: started
118: Z 90: started
119: Z 1: entering office for a service 1
120: Z 91: started
121: Z 101: started
122: Z 93: started
123: Z 94: started
124: Z 95: started
125: Z 96: started
126: Z 97: started
127: U 3: service finished
128: U 3: serving a service of type 3
129: Z 108: started
130: Z 100: started
131: Z 19: entering office for a service 3
132: Z 92: started
133: Z 102: started
134: Z 103: started
135: Z 104: started
136: Z 105: started
137: Z 106: started
138: Z 107: started
139: Z 98: started
140: Z 28: called by office worker
141: Z 99: started
142: Z 109: started
143: Z 40: entering office for a service 2
144: Z 110: started
145: Z 111: started
146: Z 112: started
147: Z 113: started
148: Z 114: started
149: Z 115: started
150: Z 116: started
151: Z 117: started
152: Z 118: started
153: Z 21: going home
154: Z 119: started
155: Z 22: entering office for a service 3
156: U 5: service finished
157: Z 45: entering office for a service 1
158: U 5: serving a service of type 3
159: Z 19: called by office worker
160: Z 7: entering office for a service 2
161: Z 48: entering office for a service 3
162: Z 52: entering office for a service 3
163: Z 16: entering office for a service 3
164: Z 36: entering office for a service 2
165: Z 59: entering office for a service 3
166: Z 63: entering office for a service 3
167: Z 84: entering office for a service 1
168: Z 15: entering office for a service 3
169: Z 70: entering office for a service 3
170: Z 51: entering office for a service 2
171: Z 25: entering office for a service 2
172: Z 55: entering office for a service 2
173: Z 18: entering office for a service 3
174: Z 58: entering office for a service 1
175: Z 2: entering office for a service 3
176: Z 5: entering office for a service 3
177: Z 65: entering office for a service 2
178: Z 86: entering office for a service 3
179: Z 47: entering office for a service 1
180: Z 12: entering office for a service 2
181: Z 10: entering office for a service 3
182: Z 62: entering office for a service 1
183: Z 43: entering office for a service 3
184: Z 79: entering office for a service 3
185: Z 108: entering office for a service 1
186: Z 33: entering office for a service 2
187: Z 54: entering office for a service 3
188: Z 82: entering office for a service 3
189: Z 72: entering office for a service 2
190: Z 105: entering office for a service 2
191: Z 64: entering office for a service 3
192: Z 44: entering office for a service 2
193: Z 26: entering office for a service 2
194: Z 27: entering office for a service 2
195: Z 68: entering office for a service 1
196: Z 99: entering office for a service 3
197: Z 71: entering office for a service 1
198: Z 101: entering office for a service 1
199: Z 17: entering office for a service 1
200: Z 56: entering office for a service 2
201: Z 96: entering office for a service 2
202: Z 38: entering office for a service 2
203: Z 6: entering office for a service 2
204: Z 42: entering office for a service 3
205: Z 20: entering office for a service 1
206: Z 8: entering office for a service 1
207: Z 30: entering office for a service 1
208: Z 97: entering office for a service 1
209: Z 78: entering office for a service 3
210: Z 31: entering office for a service 3
211: Z 39: entering office for a service 1
212: Z 92: entering office for a service 1
213: Z 32: entering office for a service 2
214: Z 49: entering office for a service 3
215: Z 89: entering office for a service 3
216: U 6: break finished
217: U 6: serving a service of type 1
218: Z 14: called by office worker
219: Z 29: entering office for a service 2
220: Z 93: entering office for a service 3
221: Z 41: entering office for a service 1
222: Z 67: entering office for a service 2
223: Z 117: entering office for a service 2
224: Z 37: entering office for a service 1
225: Z 60: entering office for a service 3
226: Z 83: entering office for a service 1
227: Z 104: entering office for a service 2
228: Z 35: entering office for a service 3
229: Z 106: entering office for a service 3
230: Z 46: entering office for a service 3
231: Z 87: entering office for a service 3
232: Z 88: entering office for a service 2
233: U 2: break finished
234: U 2: serving a service of type 3
235: Z 22: called by office worker
236: U 2: service finished
237: U 2: serving a service of type 1
238: Z 24: called by office worker
239: Z 23: entering office for a service 3
240: Z 74: entering office for a service 2
241: Z 75: entering office for a service 2
242: U 4: break finished
243: U 4: serving a service of type 2
244: Z 13: called by office worker
245: Z 34: entering office for a service 3
246: Z 57: entering office for a service 2
247: Z 77: entering office for a service 3
248: Z 95: entering office for a service 1
249: Z 81: entering office for a service 2
250: Z 107: entering office for a service 3
251: Z 98: entering office for a service 1
252: Z 76: entering office for a service 3
253: Z 109: entering office for a service 1
254: Z 50: entering office for a service 3
255: Z 53: entering office for a service 1
256: U 2: service finished
257: U 2: serving a service of type 3
258: Z 114: entering office for a service 3
259: Z 48: called by office worker
260: Z 94: entering office for a service 1
261: U 4: service finished
262: U 4: serving a service of type 1
263: Z 11: called by office worker
264: Z 80: entering office for a service 3
265: Z 119: entering office for a service 3
266: Z 61: entering office for a service 3
267: Z 85: entering office for a service 2
268: Z 66: entering office for a service 1
269: Z 69: entering office for a service 2
270: Z 90: entering office for a service 3
271: Z 91: entering office for a service 3
272: Z 73: entering office for a service 2
273: Z 22: going home
274: U 6: service finished
275: U 6: serving a service of type 3
276: Z 52: called by office worker
277: Z 48: going home
278: U 4: service finished
279: U 4: serving a service of type 2
280: Z 4: called by office worker
281: Z 11: going home
282: U 1: break finished
283: U 1: serving a service of type 2
284: Z 28: going home
285: Z 40: called by office worker
286: Z 112: entering office for a service 1
287: Z 116: entering office for a service 3
288: U 2: service finished
289: U 2: serving a service of type 2
290: Z 7: called by office worker
291: Z 7: going home
292: Z 100: entering office for a service 1
293: U 4: service finished
294: U 5: service finished
295: U 4: serving a service of type 1
296: U 5: serving a service of type 1
297: Z 102: entering office for a service 2
298: Z 1: called by office worker
299: Z 103: entering office for a service 1
300: Z 9: called by office worker
301: Z 19: going home
302: Z 9: going home
303: Z 110: entering office for a service 3
304: Z 111: entering office for a service 2
305: Z 113: entering office for a service 3
306: Z 115: entering office for a service 1
307: Z 118: entering office for a service 1
308: U 3: service finished
309: U 3: serving a service of type 2
310: Z 36: called by office worker
311: U 1: service finished
312: U 1: serving a service of type 2
313: Z 51: called by office worker
314: Z 14: going home
315: Z 24: going home
316: Z 52: going home
317: Z 36: going home
318: Z 4: going home
319: U 5: service finished
320: U 5: serving a service of type 3
321: Z 16: called by office worker
322: U 2: service finished
323: U 2: serving a service of type 2
324: Z 25: called by office worker
325: U 6: service finished
326: U 6: serving a service of type 1
327: Z 45: called by office worker
328: U 6: service finished
329: U 6: serving a service of type 3
330: U 3: service finished
331: U 3: serving a service of type 2
332: Z 59: called by office worker
333: Z 55: called by office worker
334: Z 13: going home
335: Z 45: going home
336: Z 16: going home
337: Z 51: going home
338: U 4: service finished
339: U 4: serving a service of type 1
340: Z 1: going home
341: Z 84: called by office worker
342: Z 84: going home
343: Z 55: going home
344: Z 40: going home
345: U 1: service finished
346: U 1: serving a service of type 3
347: Z 63: called by office worker
348: U 3: service finished
349: U 3: serving a service of type 2
350: Z 59: going home
351: Z 65: called by office worker
352: U 5: service finished
353: U 5: serving a service of type 3
354: Z 15: called by office worker
355: U 6: service finished
356: U 6: serving a service of type 1
357: Z 58: called by office worker
358: U 2: service finished
359: U 2: serving a service of type 2
360: Z 12: called by office worker
361: Z 65: going home
362: Z 25: going home
363: Z 12: going home
364: Z 15: going home
365: U 3: service finished
366: U 4: service finished
367: U 4: serving a service of type 2
368: Z 70: called by office worker
369: U 3: serving a service of type 3
370: U 5: service finished
371: U 5: serving a service of type 2
372: Z 33: called by office worker
373: Z 72: called by office worker
374: Z 58: going home
375: U 5: service finished
376: Z 72: going home
377: Z 47: called by office worker
378: U 5: serving a service of type 1
379: U 5: service finished
380: U 5: serving a service of type 1
381: Z 62: called by office worker
382: U 1: service finished
383: Z 63: going home
384: U 1: serving a service of type 1
385: Z 108: called by office worker
386: U 4: service finished
387: U 4: serving a service of type 2
388: Z 105: called by office worker
389: Z 33: going home
390: Z 62: going home
391: U 5: service finished
392: U 5: serving a service of type 2
393: Z 44: called by office worker
394: U 6: service finished
395: U 6: serving a service of type 2
396: Z 26: called by office worker
397: Z 26: going home
398: U 3: service finished
399: U 3: serving a service of type 1
400: Z 68: called by office worker
401: Z 105: going home
402: U 1: service finished
403: U 1: serving a service of type 1
404: Z 71: called by office worker
405: U 2: service finished
406: U 2: serving a service of type 2
407: Z 27: called by office worker
408: Z 70: going home
409: Z 108: going home
410: Z 71: going home
411: U 4: service finished
412: U 4: serving a service of type 1
413: Z 101: called by office worker
414: U 1: service finished
415: U 1: serving a service of type 3
416: Z 18: called by office worker
417: Z 27: going home
418: Z 47: going home
419: Z 101: going home
420: U 1: service finished
421: U 1: serving a service of type 3
422: Z 2: called by office worker
423: U 2: service finished
424: U 2: serving a service of type 1
425: Z 17: called by office worker
426: Z 17: going home
427: Z 68: going home
428: Z 18: going home
429: U 3: service finished
430: U 3: serving a service of type 2
431: Z 56: called by office worker
432: U 5: service finished
433: U 5: serving a service of type 1
434: Z 20: called by office worker
435: U 6: service finished
436: U 6: serving a service of type 1
437: Z 8: called by office worker
438: Z 44: going home
439: U 5: service finished
440: U 5: serving a service of type 3
441: Z 5: called by office worker
442: Z 2: going home
443: U 2: service finished
444: U 2: serving a service of type 1
445: Z 30: called by office worker
446: U 5: service finished
447: U 5: serving a service of type 3
448: Z 86: called by office worker
449: Z 8: going home
450: U 4: service finished
451: Z 56: going home
452: Z 10: called by office worker
453: U 4: serving a service of type 3
454: U 3: service finished
455: U 3: serving a service of type 1
456: Z 97: called by office worker
457: Z 86: going home
458: Z 30: going home
459: U 1: service finished
460: U 1: serving a service of type 2
461: Z 96: called by office worker
462: U 4: service finished
463: U 4: serving a service of type 1
464: Z 39: called by office worker
465: Z 97: going home
466: Z 20: going home
467: U 5: service finished
468: U 5: serving a service of type 2
469: Z 38: called by office worker
470: U 6: service finished
471: U 6: serving a service of type 1
472: Z 92: called by office worker
473: U 1: service finished
474: U 1: serving a service of type 1
475: Z 41: called by office worker
476: U 2: service finished
477: U 2: serving a service of type 2
478: Z 6: called by office worker
479: U 4: service finished
480: U 4: serving a service of type 1
481: Z 37: called by office worker
482: Z 5: going home
483: U 5: service finished
484: U 5: serving a service of type 3
485: Z 43: called by office worker
486: Z 92: going home
487: U 3: service finished
488: U 3: serving a service of type 3
489: Z 79: called by office worker
490: Z 39: going home
491: Z 96: going home
492: Z 38: going home
493: Z 41: going home
494: Z 43: going home
495: U 6: service finished
496: U 6: serving a service of type 3
497: Z 54: called by office worker
498: Z 10: going home
499: Z 37: going home
500: U 5: service finished
501: U 5: serving a service of type 3
502: U 5: service finished
503: U 5: serving a service of type 3
504: Z 82: called by office worker
505: Z 64: called by office worker
506: U 3: service finished
507: U 3: serving a service of type 1
508: Z 83: called by office worker
509: U 2: service finished
510: U 2: serving a service of type 1
511: Z 95: called by office worker
512: U 6: service finished
513: U 6: serving a service of type 1
514: Z 98: called by office worker
515: Z 79: going home
516: U 4: service finished
517: U 4: serving a service of type 3
518: Z 99: called by office worker
519: Z 99: going home
520: U 1: service finished
521: U 1: serving a service of type 3
522: Z 42: called by office worker
523: Z 82: going home
524: U 2: service finished
525: U 2: serving a service of type 3
526: Z 78: called by office worker
527: U 6: service finished
528: U 6: serving a service of type 2
529: Z 32: called by office worker
530: Z 78: going home
531: Z 42: going home
532: Z 54: going home
533: Z 6: going home
534: Z 64: going home
535: Z 98: going home
536: U 5: service finished
537: U 5: serving a service of type 3
538: Z 31: called by office worker
539: U 2: service finished
540: U 2: serving a service of type 3
541: Z 49: called by office worker
542: Z 83: going home
543: U 6: service finished
544: U 6: serving a service of type 1
545: Z 109: called by office worker
546: Z 95: going home
547: U 3: service finished
548: U 3: serving a service of type 1
549: Z 53: called by office worker
550: U 4: service finished
551: U 4: serving a service of type 3
552: Z 109: going home
553: Z 89: called by office worker
554: U 1: service finished
555: U 1: serving a service of type 1
556: Z 94: called by office worker
557: Z 89: going home
558: U 5: service finished
559: U 5: serving a service of type 2
560: Z 29: called by office worker
561: Z 31: going home
562: Z 32: going home
563: U 2: service finished
564: U 2: serving a service of type 1
565: Z 66: called by office worker
566: U 6: service finished
567: U 6: serving a service of type 3
568: Z 93: called by office worker
569: Z 94: going home
570: U 3: service finished
571: U 3: serving a service of type 2
572: Z 67: called by office worker
573: U 4: service finished
574: U 4: serving a service of type 2
575: Z 117: called by office worker
576: Z 49: going home
577: Z 53: going home
578: Z 67: going home
579: Z 117: going home
580: U 5: service finished
581: U 5: serving a service of type 3
582: Z 60: called by office worker
583: Z 29: going home
584: Z 93: going home
585: U 1: service finished
586: U 1: serving a service of type 1
587: Z 112: called by office worker
588: U 1: service finished
589: U 1: serving a service of type 2
590: Z 104: called by office worker
591: Z 66: going home
592: U 6: service finished
593: U 6: serving a service of type 3
594: Z 35: called by office worker
595: U 6: service finished
596: U 6: serving a service of type 1
597: Z 100: called by office worker
598: U 6: service finished
599: U 6: serving a service of type 3
600: Z 106: called by office worker
601: U 2: service finished
602: Z 60: going home
603: U 2: serving a service of type 3
604: Z 46: called by office worker
605: U 3: service finished
606: U 3: serving a service of type 3
607: Z 46: going home
608: Z 87: called by office worker
609: U 1: service finished
610: U 1: serving a service of type 3
611: Z 23: called by office worker
612: Z 104: going home
613: U 4: service finished
614: U 4: serving a service of type 2
615: Z 88: called by office worker
616: U 4: service finished
617: U 4: serving a service of type 2
618: Z 74: called by office worker
619: U 5: service finished
620: U 5: serving a service of type 3
621: Z 34: called by office worker
622: Z 100: going home
623: U 6: service finished
624: U 6: serving a service of type 2
625: Z 75: called by office worker
626: Z 112: going home
627: Z 35: going home
628: Z 88: going home
629: Z 106: going home
630: Z 34: going home
631: U 2: service finished
632: U 2: serving a service of type 3
633: Z 77: called by office worker
634: U 6: service finished
635: U 6: serving a service of type 1
636: Z 103: called by office worker
637: Z 23: going home
638: U 3: service finished
639: U 3: serving a service of type 2
640: Z 57: called by office worker
641: Z 87: going home
642: U 2: service finished
643: U 2: serving a service of type 2
644: Z 81: called by office worker
645: Z 81: going home
646: U 5: service finished
647: U 5: serving a service of type 2
648: Z 85: called by office worker
649: U 1: service finished
650: U 1: serving a service of type 3
651: Z 107: called by office worker
652: Z 85: going home
653: Z 74: going home
654: U 4: service finished
655: U 4: serving a service of type 2
656: Z 69: called by office worker
657: Z 107: going home
658: U 5: service finished
659: U 5: serving a service of type 3
660: Z 76: called by office worker
661: U 3: service finished
662: U 3: serving a service of type 3
663: Z 50: called by office worker
664: U 1: service finished
665: U 1: serving a service of type 2
666: Z 73: called by office worker
667: Z 77: going home
668: Z 57: going home
669: Z 50: going home
670: Z 75: going home
671: U 3: service finished
672: U 3: serving a service of type 2
673: Z 102: called by office worker
674: U 6: service finished
675: U 6: serving a service of type 1
676: Z 115: called by office worker
677: U 2: service finished
678: U 2: serving a service of type 1
679: Z 118: called by office worker
680: Z 103: going home
681: U 3: service finished
682: U 3: serving a service of type 2
683: Z 111: called by office worker
684: Z 76: going home
685: U 5: service finished
686: U 5: serving a service of type 3
687: Z 114: called by office worker
688: U 5: service finished
689: U 5: serving a service of type 3
690: Z 80: called by office worker
691: U 1: service finished
692: U 1: serving a service of type 3
693: Z 119: called by office worker
694: U 2: service finished
695: Z 69: going home
696: U 2: serving a service of type 3
697: Z 61: called by office worker
698: U 6: service finished
699: U 6: serving a service of type 3
700: U 2: service finished
701: U 2: serving a service of type 3
702: Z 90: called by office worker
703: Z 115: going home
704: Z 91: called by office worker
705: Z 119: going home
706: U 4: service finished
707: U 4: serving a service of type 3
708: Z 118: going home
709: Z 116: called by office worker
710: Z 73: going home
711: Z 102: going home
712: U 3: service finished
713: U 3: serving a service of type 3
714: Z 110: called by office worker
715: Z 116: going home
716: Z 110: going home
717: U 5: service finished
718: U 5: serving a service of type 3
719: Z 113: called by office worker
720: Z 111: going home
721: Z 80: going home
722: U 6: service finished
723: U 6: taking break
724: Z 90: going home
725: U 2: service finished
726: U 2: taking break
727: Z 61: going home
728: U 1: service finished
729: U 1: taking break
730: U 5: service finished
731: U 5: taking break
732: Z 114: going home
733: U 3: service finished
734: U 3: taking break
735: U 5: break finished
736: U 5: taking break
737: Z 91: going home
738: U 4: service finished
739: U 4: taking break
740: U 4: break finished
741: U 4: taking break
742: U 6: break finished
743: U 6: taking break
744: Z 113: going home
745: U 5: break finished
746: U 5: taking break
747: U 1: break finished
748: U 1: taking break
749: U 4: break finished
750: U 4: taking break
751: U 3: break finished
752: U 3: taking break
753: U 6: break finished
754: U 6: taking break
755: U 2: break finished
756: U 2: taking break
757: U 4: break finished
758: U 4: taking break
759: U 6: break finished
760: U 6: taking break
761: U 1: break finished
762: U 1: taking break
763: U 3: break finished
764: U 3: taking break
765: U 4: break finished
766: U 4: taking break
767: U 5: break finished
768: U 5: taking break
769: U 3: break finished
770: U 3: taking break
771: U 2: break finished
772: U 2: taking break
773: U 6: break finished
774: U 6: taking break
775: U 5: break finished
776: U 5: taking break
777: U 1: break finished
778: U 1: taking break
779: U 5: break finished
780: U 5: taking break
781: U 1: break finished
782: U 1: taking break
783: U 1: break finished
784: U 1: taking break
785: U 4: break finished
786: U 4: taking break
787: U 5: break finished
788: U 5: taking break
789: U 2: break finished
790: U 2: taking break
791: U 3: break finished
792: U 3: taking break
793: U 6: break finished
794: U 6: taking break
795: U 3: break finished
796: U 3: taking break
797: U 4: break finished
798: U 4: taking break
799: U 5: break finished
800: U 5: taking break
801: U 3: break finished
802: U 3: taking break
803: U 2: break finished
804: U 2: taking break
805: U 2: break finished
806: U 2: taking break
807: U 1: break finished
808: U 1: taking break
809: U 4: break finished
810: U 4: taking break
811: U 3: break finished
812: U 3: taking break
813: U 5: break finished
814: U 5: taking break
815: U 1: break finished
816: U 1: taking break
817: U 6: break finished
818: U 6: taking break
819: U 4: break finished
820: U 4: taking break
821: U 2: break finished
822: U 2: taking break
823: U 2: break finished
824: U 2: taking break
825: U 3: break finished
826: U 3: taking break
827: U 3: break finished
828: U 3: taking break
829: U 2: break finished
830: U 2: taking break
831: U 4: break finished
832: U 4: taking break
833: U 5: break finished
834: U 5: taking break
835: U 4: break finished
836: U 4: taking break
837: U 3: break finished
838: U 3: taking break
839: U 5: break finished
840: U 5: taking break
841: U 2: break finished
842: U 2: taking break
843: U 6: break finished
844: U 6: taking break
845: U 1: break finished
846: U 1: taking break
847: U 5: break finished
848: U 5: taking break
849: U 6: break finished
850: U 6: taking break
851: U 4: break finished
852: U 4: taking break
853: U 3: break finished
854: U 3: taking break
855: U 2: break finished
856: U 2: taking break
857: U 6: break finished
858: U 6: taking break
859: U 6: break finished
860: U 6: taking break
861: U 6: break finished
862: U 6: taking break
863: U 5: break finished
864: U 5: taking break
865: U 1: break finished
866: U 1: taking break
867: U 3: break finished
868: U 3: taking break
869: U 5: break finished
870: U 5: taking break
871: U 4: break finished
872: U 4: taking break
873: U 2: break finished
874: U 2: taking break
875: U 1: break finished
876: U 1: taking break
877: U 4: break finished
878: U 4: taking break
879: U 6: break finished
880: U 6: taking break
881: U 3: break finished
882: U 3: taking break
883: U 2: break finished
884: U 2: taking break
885: U 5: break finished
886: U 5: taking break
887: U 6: break finished
888: U 6: taking break
889: U 3: break finished
890: U 3: taking break
891: U 6: break finished
892: U 6: taking break
893: U 6: break finished
894: U 6: taking break
895: U 4: break finished
896: U 4: taking break
897: U 3: break finished
898: U 3: taking break
899: U 4: break finished
900: U 4: taking break
901: U 2: break finished
902: U 2: taking break
903: U 1: break finished
904: U 1: taking break
905: U 2: break finished
906: U 2: taking break
907: U 1: break finished
908: U 1: taking break
909: U 2: break finished
910: U 2: taking break
911: U 4: break finished
912: U 4: taking break
913: U 5: break finished
914: U 5: taking break
915: U 1: break finished
916: U 1: taking break
917: U 6: break finished
918: U 6: taking break
919: U 6: break finished
920: U 6: taking break
921: U 6: break finished
922: U 6: taking break
923: U 3: break finished
924: U 3: taking break
925: U 4: break finished
926: U 4: taking break
927: U 3: break finished
928: U 3: taking break
929: U 5: break finished
930: U 5: taking break
931: U 2: break finished
932: U 2: taking break
933: U 1: break finished
934: U 1: taking break
935: U 5: break finished
936: U 5: taking break
937: U 2: break finished
938: U 2: taking break
939: U 3: break finished
940: U 3: taking break
941: U 6: break finished
942: U 6: taking break
943: U 6: break finished
944: U 6: taking break
945: U 4: break finished
946: U 4: taking break
947: U 4: break finished
948: U 4: taking break
949: U 1: break finished
950: U 1: taking break
951: U 4: break finished
952: U 4: taking break
953: U 4: break finished
954: U 4: taking break
955: U 5: break finished
956: U 5: taking break
957: U 2: break finished
958: U 2: taking break
959: U 6: break finished
960: U 6: taking break
961: U 3: break finished
962: U 3: taking break
963: U 6: break finished
964: U 6: taking break
965: U 3: break finished
966: U 3: taking break
967: U 5: break finished
968: U 5: taking break
969: U 6: break finished
970: U 6: taking break
971: U 2: break finished
972: U 2: taking break
973: U 1: break finished
974: U 1: taking break
975: U 4: break finished
976: U 4: taking break
977: U 2: break finished
978: U 2: taking break
979: U 4: break finished
980: U 4: taking break
981: U 2: break finished
982: U 2: taking break
983: U 5: break finished
984: U 5: taking break
985: U 1: break finished
986: U 1: taking break
987: U 3: break finished
988: U 3: taking break
989: U 4: break finished
990: U 4: taking break
991: U 6: break finished
992: U 6: taking break
993: U 3: break finished
994: U 3: taking break
995: U 2: break finished
996: U 2: taking break
997: U 6: break finished
998: U 6: taking break
999: U 5: break finished
1000: U 5: taking break
1001: U 4: break finished
1002: U 4: taking break
1003: U 1: break finished
1004: U 1: taking break
1005: U 3: break finished
1006: U 3: taking break
1007: U 3: break finished
1008: U 3: taking break
1009: U 1: break finished
1010: U 1: taking break
1011: U 2: break finished
1012: U 2: taking break
1013: U 6: break finished
1014: U 6: taking break
1015: U 3: break finished
1016: U 3: taking break
1017: U 4: break finished
1018: U 4: taking break
1019: U 5: break finished
1020: U 5: taking break
1021: U 2: break finished
1022: U 2: taking break
1023: U 1: break finished
1024: U 1: taking break
1025: U 3: break finished
1026: U 3: taking break
1027: U 6: break finished
1028: U 6: taking break
1029: U 1: break finished
1030: U 1: taking break
1031: U 6: break finished
1032: U 6: taking break
1033: U 6: break finished
1034: U 6: taking break
1035: U 6: break finished
1036: U 6: taking break
1037: U 3: break finished
1038: U 3: taking break
1039: U 5: break finished
1040: U 5: taking break
1041: U 4: break finished
1042: U 4: taking break
1043: U 4: break finished
1044: U 4: taking break
1045: U 2: break finished
1046: U 2: taking break
1047: U 6: break finished
1048: U 6: taking break
1049: U 4: break finished
1050: U 4: taking break
1051: U 1: break finished
1052: U 1: taking break
1053: U 2: break finished
1054: U 2: taking break
1055: U 4: break finished
1056: U 4: taking break
1057: U 5: break finished
1058: U 5: taking break
1059: U 3: break finished
1060: U 3: taking break
1061: U 1: break finished
1062: U 1: taking break
1063: U 6: break finished
1064: U 6: taking break
1065: U 6: break finished
1066: U 6: taking break
1067: U 3: break finished
1068: U 3: taking break
1069: U 5: break finished
1070: U 5: taking break
1071: U 4: break finished
1072: U 4: taking break
1073: U 1: break finished
1074: U 1: taking break
1075: U 2: break finished
1076: U 2: taking break
1077: U 1: break finished
1078: U 1: taking break
1079: U 3: break finished
1080: U 3: taking break
1081: U 6: break finished
1082: U 6: taking break
1083: U 3: break finished
1084: U 3: taking break
1085: U 2: break finished
1086: U 2: taking break
1087: U 5: break finished
1088: U 5: taking break
1089: U 1: break finished
1090: U 1: taking break
1091: U 6: break finished
1092: U 6: taking break
1093: U 4: break finished
1094: U 4: taking break
1095: U 5: break finished
1096: U 5: taking break
1097: U 3: break finished
1098: U 3: taking break
1099: U 5: break finished
1100: U 5: taking break
1101: U 2: break finished
1102: U 2: taking break
1103: U 1: break finished
1104: U 1: taking break
1105: U 2: break finished
1106: U 2: taking break
1107: U 6: break finished
1108: U 6: taking break
1109: U 5: break finished
1110: U 5: taking break
1111: U 5: break finished
1112: U 5: taking break
1113: U 4: break finished
1114: U 4: taking break
1115: U 3: break finished
1116: U 3: taking break
1117: U 2: break finished
1118: U 2: taking break
1119: U 4: break finished
1120: U 4: taking break
1121: U 4: break finished
1122: U 4: taking break
1123: U 2: break finished
1124: U 2: taking break
1125: U 6: break finished
1126: U 6: taking break
1127: U 3: break finished
1128: U 3: taking break
1129: U 6: break finished
1130: U 6: taking break
1131: U 1: break finished
1132: U 1: taking break
1133: U 4: break finished
1134: U 4: taking break
1135: U 1: break finished
1136: U 1: taking break
1137: U 5: break finished
1138: U 5: taking break
1139: U 5: break finished
1140: U 5: taking break
1141: U 2: break finished
1142: U 2: taking break
1143: U 6: break finished
1144: U 6: taking break
1145: U 1: break finished
1146: U 1: taking break
1147: U 3: break finished
1148: U 3: taking break
1149: U 2: break finished
1150: U 2: taking break
1151: U 5: break finished
1152: U 5: taking break
1153: U 4: break finished
1154: U 4: taking break
1155: U 4: break finished
1156: U 4: taking break
1157: U 3: break finished
1158: U 3: taking break
1159: U 3: break finished
1160: U 3: taking break
1161: U 2: break finished
1162: U 2: taking break
1163: U 5: break finished
1164: U 5: taking break
1165: U 6: break finished
1166: U 6: taking break
1167: U 1: break finished
1168: U 1: taking break
1169: U 2: break finished
1170: U 2: taking break
1171: U 3: break finished
1172: U 3: taking break
1173: U 5: break finished
1174: U 5: taking break
1175: U 4: break finished
1176: U 4: taking break
1177: U 2: break finished
1178: U 2: taking break
1179: U 6: break finished
1180: U 6: taking break
1181: U 4: break finished
1182: U 4: taking break
1183: U 4: break finished
1184: U 4: taking break
1185: U 2: break finished
1186: U 2: taking break
1187: U 1: break finished
1188: U 1: taking break
1189: U 5: break finished
1190: U 5: taking break
1191: U 3: break finished
1192: U 3: taking break
1193: U 3: break finished
1194: U 3: taking break
1195: U 3: break finished
1196: U 3: taking break
1197: U 6: break finished
1198: U 6: taking break
1199: U 2: break finished
1200: U 2: taking break
1201: U 1: break finished
1202: U 1: taking break
1203: U 6: break finished
1204: U 6: taking break
1205: U 4: break finished
1206: U 4: taking break
1207: U 5: break finished
1208: U 5: taking break
1209: U 5: break finished
1210: U 5: taking break
1211: U 3: break finished
1212: U 3: taking break
1213: U 4: break finished
1214: U 4: taking break
1215: U 2: break finished
1216: U 2: taking break
1217: U 6: break finished
1218: U 6: taking break
1219: U 1: break finished
1220: U 1: taking break
1221: U 3: break finished
1222: U 3: taking break
1223: U 6: break finished
1224: U 6: taking break
1225: U 2: break finished
1226: U 2: taking break
1227: U 3: break finished
1228: U 3: taking break
1229: U 3: break finished
1230: U 3: taking break
1231: U 5: break finished
1232: U 5: taking break
1233: U 4: break finished
1234: U 4: taking break
1235: U 1: break finished
1236: U 1: taking break
1237: U 4: break finished
1238: U 4: taking break
1239: U 3: break finished
1240: U 3: taking break
1241: U 4: break finished
1242: U 4: taking break
1243: U 1: break finished
1244: U 1: taking break
1245: U 2: break finished
1246: U 2: taking break
1247: U 6: break finished
1248: U 6: taking break
1249: U 1: break finished
1250: U 1: taking break
1251: U 5: break finished
1252: U 5: taking break
1253: U 3: break finished
1254: U 3: taking break
1255: U 2: break finished
1256: U 2: taking break
1257: U 6: break finished
1258: U 6: taking break
1259: U 3: break finished
1260: U 3: taking break
1261: U 4: break finished
1262: U 4: taking break
1263: U 6: break finished
1264: U 6: taking break
1265: U 1: break finished
1266: U 1: taking break
1267: U 5: break finished
1268: U 5: taking break
1269: U 2: break finished
1270: U 2: taking break
1271: U 3: break finished
1272: U 3: taking break
1273: U 5: break finished
1274: U 5: taking break
1275: U 4: break finished
1276: U 4: taking break
1277: U 2: break finished
1278: U 2: taking break
1279: U 2: break finished
1280: U 2: taking break
1281: U 6: break finished
1282: U 6: taking break
1283: U 2: break finished
1284: U 2: taking break
1285: U 1: break finished
1286: U 1: taking break
1287: U 1: break finished
1288: U 1: taking break
1289: U 4: break finished
1290: U 4: taking break
1291: U 5: break finished
1292: U 5: taking break
1293: U 3: break finished
1294: U 3: taking break
1295: U 4: break finished
1296: U 4: taking break
1297: U 6: break finished
1298: U 6: taking break
1299: U 2: break finished
1300: U 2: taking break
1301: U 5: break finished
1302: U 5: taking break
1303: U 6: break finished
1304: U 6: taking break
1305: U 5: break finished
1306: U 5: taking break
1307: U 5: break finished
1308: U 5: taking break
1309: U 1: break finished
1310: U 1: taking break
1311: U 6: break finished
1312: U 6: taking break
1313: U 6: break finished
1314: U 6: taking break
1315: U 4: break finished
1316: U 4: taking break
1317: U 3: break finished
1318: U 3: taking break
1319: U 2: break finished
1320: U 2: taking break
1321: closing
1322: U 5: break finished
1323: U 5: going home
1324: U 4: break finished
1325: U 4: going home
1326: U 3: break finished
1327: U 3: going home
1328: U 2: break finished
1329: U 2: going home
1330: U 1: break finished
1331: U 1: going home
1332: U 6: break finished
1333: U 6: going home
