1: U 1: started
2: U 1: taking break
3: U 3: started
4: U 3: taking break
5: U 4: started
6: Z 2: started
7: Z 1: started
8: U 4: taking break
9: U 2: started
10: U 2: taking break
11: Z 4: started
12: Z 5: started
13: Z 3: started
14: Z 9: started
15: Z 10: started
16: Z 8: started
17: Z 6: started
18: Z 14: started
19: Z 11: started
20: Z 12: started
21: Z 13: started
22: Z 7: started
23: Z 20: started
24: Z 16: started
25: Z 22: started
26: U 1: break finished
27: U 1: taking break
28: Z 19: started
29: Z 15: started
30: Z 21: started
31: Z 17: started
32: Z 23: started
33: Z 18: started
34: Z 24: started
35: Z 25: started
36: Z 26: started
37: Z 27: started
38: Z 28: started
39: Z 5: entering office for a service 3
40: Z 35: started
41: Z 30: started
42: Z 31: started
43: Z 32: started
44: Z 33: started
45: Z 34: started
46: Z 29: started
47: Z 23: entering office for a service 3
48: Z 36: started
49: Z 37: started
50: Z 38: started
51: Z 39: started
52: Z 40: started
53: Z 41: started
54: Z 42: started
55: U 3: break finished
56: Z 35: entering office for a service 3
57: Z 43: started
58: Z 44: started
59: Z 45: started
60: U 3: serving a service of type 3
61: Z 5: called by office worker
62: Z 12: entering office for a service 3
63: Z 1: entering office for a service 3
64: U 4: break finished
65: U 2: break finished
66: U 4: serving a service of type 3
67: Z 23: called by office worker
68: U 2: serving a service of type 3
69: Z 35: called by office worker
70: U 1: break finished
71: U 1: serving a service of type 3
72: Z 12: called by office worker
73: Z 35: going home
74: U 3: service finished
75: U 3: serving a service of type 3
76: Z 1: called by office worker
77: Z 11: entering office for a service 2
78: Z 2: entering office for a service 2
79: Z 22: entering office for a service 2
80: Z 14: entering office for a service 1
81: Z 7: entering office for a service 3
82: U 2: service finished
83: U 2: serving a service of type 1
84: Z 24: entering office for a service 2
85: Z 14: called by office worker
86: Z 6: entering office for a service 2
87: U 1: service finished
88: U 1: serving a service of type 2
89: Z 11: called by office worker
90: Z 23: going home
91: Z 43: entering office for a service 1
92: Z 11: going home
93: Z 10: entering office for a service 3
94: Z 5: going home
95: Z 40: entering office for a service 3
96: Z 15: entering office for a service 3
97: Z 3: entering office for a service 1
98: U 3: service finished
99: U 3: serving a service of type 1
100: Z 43: called by office worker
101: Z 34: entering office for a service 2
102: Z 12: going home
103: Z 26: entering office for a service 1
104: Z 1: going home
105: Z 42: entering office for a service 1
106: U 4: service finished
107: U 1: service finished
108: U 1: serving a service of type 3
109: Z 3: called by office worker
110: Z 18: entering office for a service 1
111: Z 7: called by office worker
112: U 4: serving a service of type 1
113: Z 3: going home
114: Z 7: going home
115: Z 27: entering office for a service 2
116: Z 20: entering office for a service 3
117: Z 16: entering office for a service 2
118: U 2: service finished
119: U 2: serving a service of type 3
120: U 1: service finished
121: U 1: serving a service of type 3
122: Z 10: called by office worker
123: Z 40: called by office worker
124: Z 10: going home
125: Z 33: entering office for a service 3
126: Z 37: entering office for a service 3
127: Z 8: entering office for a service 3
128: U 1: service finished
129: U 1: serving a service of type 2
130: Z 2: called by office worker
131: Z 30: entering office for a service 2
132: Z 13: entering office for a service 3
133: Z 45: entering office for a service 3
134: Z 14: going home
135: U 1: service finished
136: U 1: serving a service of type 2
137: Z 22: called by office worker
138: Z 29: entering office for a service 2
139: Z 4: entering office for a service 2
140: Z 32: entering office for a service 1
141: Z 41: entering office for a service 3
142: Z 43: going home
143: Z 44: entering office for a service 2
144: Z 9: entering office for a service 1
145: U 4: service finished
146: U 4: serving a service of type 1
147: Z 26: called by office worker
148: Z 22: going home
149: Z 39: entering office for a service 2
150: Z 21: entering office for a service 3
151: Z 40: going home
152: U 3: service finished
153: U 3: serving a service of type 2
154: Z 24: called by office worker
155: Z 19: entering office for a service 2
156: Z 28: entering office for a service 2
157: Z 31: entering office for a service 3
158: U 1: service finished
159: U 1: serving a service of type 2
160: Z 6: called by office worker
161: Z 38: entering office for a service 2
162: Z 17: entering office for a service 1
163: Z 36: entering office for a service 1
164: U 1: service finished
165: U 1: serving a service of type 3
166: Z 15: called by office worker
167: Z 25: entering office for a service 1
168: U 2: service finished
169: U 2: serving a service of type 1
170: Z 42: called by office worker
171: Z 2: going home
172: U 4: service finished
173: U 4: serving a service of type 2
174: Z 34: called by office worker
175: Z 34: going home
176: Z 26: going home
177: Z 15: going home
178: Z 24: going home
179: U 3: service finished
180: U 3: serving a service of type 2
181: Z 27: called by office worker
182: Z 6: going home
183: U 3: service finished
184: U 3: serving a service of type 3
185: Z 20: called by office worker
186: U 1: service finished
187: U 1: serving a service of type 2
188: Z 16: called by office worker
189: Z 20: going home
190: U 2: service finished
191: U 2: serving a service of type 2
192: Z 30: called by office worker
193: Z 42: going home
194: U 4: service finished
195: U 4: serving a service of type 1
196: Z 18: called by office worker
197: Z 27: going home
198: Z 18: going home
199: U 1: service finished
200: U 1: serving a service of type 3
201: Z 33: called by office worker
202: U 2: service finished
203: U 2: serving a service of type 3
204: Z 37: called by office worker
205: Z 30: going home
206: U 4: service finished
207: U 4: serving a service of type 3
208: Z 8: called by office worker
209: U 1: service finished
210: U 1: serving a service of type 3
211: Z 13: called by office worker
212: U 3: service finished
213: Z 16: going home
214: Z 45: called by office worker
215: U 3: serving a service of type 3
216: U 2: service finished
217: U 2: serving a service of type 2
218: Z 29: called by office worker
219: U 2: service finished
220: U 2: serving a service of type 2
221: Z 4: called by office worker
222: Z 4: going home
223: Z 33: going home
224: Z 37: going home
225: Z 29: going home
226: Z 45: going home
227: Z 8: going home
228: U 1: service finished
229: U 1: serving a service of type 2
230: Z 44: called by office worker
231: Z 44: going home
232: U 4: service finished
233: U 4: serving a service of type 1
234: Z 32: called by office worker
235: Z 32: going home
236: Z 13: going home
237: U 2: service finished
238: U 2: serving a service of type 1
239: Z 9: called by office worker
240: U 3: service finished
241: U 3: serving a service of type 3
242: Z 41: called by office worker
243: U 1: service finished
244: U 1: serving a service of type 3
245: Z 21: called by office worker
246: U 4: service finished
247: U 4: serving a service of type 2
248: Z 39: called by office worker
249: U 4: service finished
250: U 4: serving a service of type 2
251: Z 39: going home
252: Z 19: called by office worker
253: U 2: service finished
254: U 2: serving a service of type 2
255: Z 28: called by office worker
256: U 3: service finished
257: Z 41: going home
258: Z 31: called by office worker
259: U 3: serving a service of type 3
260: Z 9: going home
261: Z 19: going home
262: Z 28: going home
263: Z 31: going home
264: U 1: service finished
265: U 1: serving a service of type 1
266: Z 21: going home
267: Z 17: called by office worker
268: U 2: service finished
269: U 2: serving a service of type 1
270: U 4: service finished
271: U 4: serving a service of type 2
272: Z 38: called by office worker
273: Z 36: called by office worker
274: Z 38: going home
275: Z 36: going home
276: U 3: service finished
277: U 3: serving a service of type 1
278: Z 25: called by office worker
279: U 4: service finished
280: U 4: taking break
281: U 1: service finished
282: U 1: taking break
283: U 2: service finished
284: U 2: taking break
285: U 3: service finished
286: U 3: taking break
287: U 4: break finished
288: U 4: taking break
289: U 4: break finished
290: U 4: taking break
291: U 1: break finished
292: U 1: taking break
293: U 3: break finished
294: U 3: taking break
295: U 3: break finished
296: U 3: taking break
297: Z 17: going home
298: U 3: break finished
299: U 3: taking break
300: U 2: break finished
301: U 2: taking break
302: U 2: break finished
303: U 2: taking break
304: U 4: break finished
305: U 4: taking break
306: U 4: break finished
307: U 4: taking break
308: U 1: break finished
309: U 1: taking break
310: Z 25: going home
311: U 3: break finished
312: U 3: taking break
313: U 2: break finished
314: U 2: taking break
315: U 4: break finished
316: U 1: break finished
317: U 1: taking break
318: U 4: taking break
319: U 1: break finished
320: U 1: taking break
321: U 1: break finished
322: U 1: taking break
323: U 3: break finished
324: U 3: taking break
325: U 4: break finished
326: U 4: taking break
327: U 1: break finished
328: U 1: taking break
329: U 4: break finished
330: U 4: taking break
331: U 2: break finished
332: U 2: taking break
333: U 3: break finished
334: U 3: taking break
335: U 1: break finished
336: U 1: taking break
337: U 3: break finished
338: U 3: taking break
339: U 1: break finished
340: U 1: taking break
341: U 3: break finished
342: U 3: taking break
343: U 2: break finished
344: U 2: taking break
345: U 4: break finished
346: U 4: taking break
347: U 4: break finished
348: U 4: taking break
349: U 1: break finished
350: U 1: taking break
351: U 3: break finished
352: U 3: taking break
353: U 4: break finished
354: U 4: taking break
355: U 4: break finished
356: U 4: taking break
357: U 4: break finished
358: U 4: taking break
359: U 2: break finished
360: U 2: taking break
361: U 1: break finished
362: U 1: taking break
363: U 3: break finished
364: U 3: taking break
365: U 2: break finished
366: U 2: taking break
367: U 3: break finished
368: U 3: taking break
369: U 4: break finished
370: U 4: taking break
371: U 4: break finished
372: U 4: taking break
373: U 2: break finished
374: U 2: taking break
375: U 2: break finished
376: U 2: taking break
377: U 1: break finished
378: U 1: taking break
379: U 3: break finished
380: U 3: taking break
381: U 4: break finished
382: U 4: taking break
383: U 2: break finished
384: U 2: taking break
385: U 1: break finished
386: U 1: taking break
387: U 2: break finished
388: U 2: taking break
389: U 3: break finished
390: U 3: taking break
391: U 4: break finished
392: U 4: taking break
393: U 1: break finished
394: U 1: taking break
395: U 1: break finished
396: U 1: taking break
397: U 2: break finished
398: U 2: taking break
399: U 2: break finished
400: U 2: taking break
401: U 3: break finished
402: U 3: taking break
403: U 4: break finished
404: U 4: taking break
405: U 2: break finished
406: U 2: taking break
407: U 2: break finished
408: U 2: taking break
409: U 2: break finished
410: U 2: taking break
411: U 1: break finished
412: U 1: taking break
413: U 3: break finished
414: U 3: taking break
415: U 2: break finished
416: U 2: taking break
417: U 3: break finished
418: U 3: taking break
419: U 4: break finished
420: U 4: taking break
421: U 3: break finished
422: U 3: taking break
423: U 1: break finished
424: U 1: taking break
425: U 2: break finished
426: U 2: taking break
427: U 1: break finished
428: U 1: taking break
429: U 4: break finished
430: U 4: taking break
431: U 3: break finished
432: U 3: taking break
433: U 2: break finished
434: U 2: taking break
435: U 1: break finished
436: U 1: taking break
437: U 3: break finished
438: U 3: taking break
439: U 1: break finished
440: U 1: taking break
441: U 3: break finished
442: U 3: taking break
443: U 3: break finished
444: U 3: taking break
445: U 3: break finished
446: U 3: taking break
447: U 3: break finished
448: U 3: taking break
449: U 3: break finished
450: U 3: taking break
451: U 4: break finished
452: U 4: taking break
453: U 3: break finished
454: U 3: taking break
455: U 2: break finished
456: U 2: taking break
457: U 1: break finished
458: U 1: taking break
459: U 3: break finished
460: U 3: taking break
461: U 2: break finished
462: U 2: taking break
463: U 2: break finished
464: U 2: taking break
465: U 4: break finished
466: U 4: taking break
467: U 1: break finished
468: U 1: taking break
469: U 2: break finished
470: U 2: taking break
471: U 3: break finished
472: U 3: taking break
473: U 1: break finished
474: U 1: taking break
475: U 3: break finished
476: U 3: taking break
477: U 2: break finished
478: U 2: taking break
479: U 4: break finished
480: U 4: taking break
481: U 4: break finished
482: U 4: taking break
483: U 1: break finished
484: U 1: taking break
485: U 1: break finished
486: U 1: taking break
487: U 2: break finished
488: U 2: taking break
489: U 3: break finished
490: U 3: taking break
491: U 3: break finished
492: U 3: taking break
493: U 4: break finished
494: U 4: taking break
495: U 4: break finished
496: U 4: taking break
497: U 4: break finished
498: U 4: taking break
499: U 4: break finished
500: U 4: taking break
501: U 4: break finished
502: U 4: taking break
503: U 3: break finished
504: U 3: taking break
505: U 1: break finished
506: U 1: taking break
507: U 4: break finished
508: U 4: taking break
509: U 2: break finished
510: U 2: taking break
511: U 3: break finished
512: U 3: taking break
513: U 4: break finished
514: U 4: taking break
515: U 3: break finished
516: U 3: taking break
517: U 1: break finished
518: U 1: taking break
519: U 2: break finished
520: U 2: taking break
521: U 4: break finished
522: U 4: taking break
523: U 3: break finished
524: U 3: taking break
525: U 1: break finished
526: U 1: taking break
527: U 4: break finished
528: U 4: taking break
529: U 3: break finished
530: U 3: taking break
531: U 2: break finished
532: U 2: taking break
533: U 3: break finished
534: U 3: taking break
535: U 2: break finished
536: U 2: taking break
537: U 1: break finished
538: U 1: taking break
539: U 3: break finished
540: U 3: taking break
541: U 1: break finished
542: U 1: taking break
543: U 4: break finished
544: U 4: taking break
545: U 4: break finished
546: U 4: taking break
547: U 2: break finished
548: U 2: taking break
549: U 4: break finished
550: U 4: taking break
551: U 3: break finished
552: U 3: taking break
553: U 4: break finished
554: U 4: taking break
555: U 4: break finished
556: U 4: taking break
557: U 1: break finished
558: U 1: taking break
559: U 3: break finished
560: U 3: taking break
561: U 1: break finished
562: U 1: taking break
563: closing
564: U 3: break finished
565: U 3: going home
566: U 1: break finished
567: U 1: going home
568: U 2: break finished
569: U 2: going home
570: U 4: break finished
571: U 4: going home
