1: Z 10: started
2: Z 9: started
3: Z 8: started
4: Z 6: started
5: Z 5: started
6: Z 4: started
7: Z 3: started
8: Z 2: started
9: Z 1: started
10: U 4: started
11: Z 7: started
12: Z 8: entering office for a service 1
13: U 4: taking break
14: U 2: started
15: Z 10: entering office for a service 2
16: U 3: started
17: U 1: started
18: Z 10: called by office worker
19: U 2: serving a service of type 1
20: Z 8: called by office worker
21: U 3: serving a service of type 2
22: Z 6: entering office for a service 2
23: U 1: taking break
24: Z 9: entering office for a service 2
25: Z 1: entering office for a service 3
26: Z 4: entering office for a service 3
27: Z 5: entering office for a service 3
28: Z 3: entering office for a service 3
29: Z 2: entering office for a service 1
30: Z 10: going home
31: U 3: service finished
32: Z 7: entering office for a service 3
33: U 1: break finished
34: U 2: service finished
35: U 3: serving a service of type 1
36: Z 8: going home
37: Z 2: called by office worker
38: Z 6: called by office worker
39: U 4: break finished
40: Z 1: called by office worker
41: U 1: serving a service of type 3
42: U 2: serving a service of type 2
43: Z 1: going home
44: Z 6: going home
45: U 4: serving a service of type 2
46: Z 9: called by office worker
47: U 1: service finished
48: U 3: service finished
49: Z 2: going home
50: U 4: service finished
51: Z 4: called by office worker
52: Z 5: called by office worker
53: Z 9: going home
54: Z 4: going home
55: Z 3: called by office worker
56: U 4: serving a service of type 3
57: U 3: serving a service of type 3
58: U 1: serving a service of type 3
59: Z 5: going home
60: U 4: service finished
61: U 2: service finished
62: U 4: serving a service of type 3
63: U 1: service finished
64: Z 3: going home
65: U 2: taking break
66: Z 7: called by office worker
67: U 3: service finished
68: U 1: taking break
69: U 2: break finished
70: U 4: service finished
71: U 3: taking break
72: U 2: taking break
73: U 4: taking break
74: Z 7: going home
75: U 1: break finished
76: U 2: break finished
77: U 1: taking break
78: U 2: taking break
79: U 1: break finished
80: U 1: taking break
81: U 4: break finished
82: U 3: break finished
83: U 4: taking break
84: U 3: taking break
85: U 1: break finished
86: U 3: break finished
87: U 1: taking break
88: U 3: taking break
89: U 2: break finished
90: U 2: taking break
91: U 4: break finished
92: U 4: taking break
93: U 4: break finished
94: U 4: taking break
95: U 3: break finished
96: U 1: break finished
97: U 3: taking break
98: U 1: taking break
99: U 4: break finished
100: U 4: taking break
101: U 2: break finished
102: U 2: taking break
103: U 3: break finished
104: U 3: taking break
105: U 1: break finished
106: U 4: break finished
107: U 1: taking break
108: U 2: break finished
109: U 4: taking break
110: U 2: taking break
111: U 3: break finished
112: U 3: taking break
113: closing
114: U 3: break finished
115: U 3: going home
116: U 1: break finished
117: U 1: going home
118: U 2: break finished
119: U 2: going home
120: U 4: break finished
121: U 4: going home
