1: U 1: started
2: U 1: taking break
3: U 3: started
4: U 3: taking break
5: U 2: started
6: U 2: taking break
7: U 5: started
8: U 5: taking break
9: Z 1: started
10: U 2: break finished
11: U 2: taking break
12: Z 3: started
13: Z 7: started
14: Z 4: started
15: Z 5: started
16: Z 12: started
17: Z 6: started
18: Z 8: started
19: Z 15: started
20: Z 9: started
21: Z 10: started
22: Z 11: started
23: Z 2: started
24: Z 21: started
25: Z 22: started
26: U 4: started
27: Z 24: started
28: Z 17: started
29: Z 18: started
30: U 1: break finished
31: Z 28: started
32: Z 29: started
33: Z 13: started
34: Z 14: started
35: Z 32: started
36: U 4: taking break
37: Z 16: started
38: Z 35: started
39: Z 26: started
40: Z 27: started
41: U 1: taking break
42: Z 19: started
43: Z 20: started
44: Z 30: started
45: Z 31: started
46: Z 29: entering office for a service 3
47: Z 23: started
48: Z 33: started
49: Z 34: started
50: Z 25: started
51: Z 36: started
52: Z 37: started
53: Z 38: started
54: Z 50: started
55: Z 40: started
56: Z 41: started
57: Z 42: started
58: Z 13: entering office for a service 2
59: Z 54: started
60: Z 44: started
61: Z 45: started
62: Z 46: started
63: Z 47: started
64: Z 48: started
65: Z 49: started
66: Z 39: started
67: Z 51: started
68: Z 53: started
69: Z 52: started
70: Z 43: started
71: Z 4: entering office for a service 2
72: Z 66: started
73: Z 67: started
74: Z 68: started
75: Z 58: started
76: Z 59: started
77: Z 60: started
78: Z 72: started
79: Z 62: started
80: Z 74: started
81: Z 64: started
82: Z 65: started
83: Z 55: started
84: Z 9: entering office for a service 3
85: Z 79: started
86: Z 57: started
87: Z 69: started
88: Z 70: started
89: Z 71: started
90: Z 61: started
91: Z 73: started
92: Z 63: started
93: Z 75: started
94: Z 76: started
95: Z 77: started
96: Z 78: started
97: Z 56: started
98: Z 12: entering office for a service 3
99: Z 80: started
100: Z 81: started
101: Z 82: started
102: Z 83: started
103: Z 84: started
104: Z 85: started
105: Z 86: started
106: Z 87: started
107: Z 88: started
108: Z 89: started
109: Z 90: started
110: Z 91: started
111: Z 92: started
112: Z 107: started
113: Z 93: started
114: Z 94: started
115: Z 95: started
116: Z 96: started
117: Z 111: started
118: Z 98: started
119: Z 99: started
120: Z 100: started
121: Z 115: started
122: Z 102: started
123: Z 103: started
124: Z 104: started
125: Z 105: started
126: Z 106: started
127: Z 6: entering office for a service 2
128: Z 108: started
129: Z 109: started
130: Z 110: started
131: Z 124: started
132: Z 112: started
133: Z 113: started
134: Z 114: started
135: Z 101: started
136: Z 116: started
137: Z 118: started
138: Z 117: started
139: Z 119: started
140: Z 120: started
141: Z 121: started
142: Z 50: entering office for a service 2
143: Z 122: started
144: Z 97: started
145: Z 123: started
146: Z 125: started
147: Z 126: started
148: Z 127: started
149: Z 128: started
150: Z 129: started
151: Z 130: started
152: Z 131: started
153: Z 132: started
154: Z 133: started
155: Z 134: started
156: Z 135: started
157: Z 60: entering office for a service 2
158: Z 136: started
159: Z 137: started
160: Z 138: started
161: Z 139: started
162: Z 140: started
163: Z 141: started
164: Z 142: started
165: Z 143: started
166: Z 144: started
167: Z 145: started
168: Z 146: started
169: Z 147: started
170: Z 148: started
171: Z 149: started
172: Z 150: started
173: Z 71: entering office for a service 3
174: Z 53: entering office for a service 2
175: Z 22: entering office for a service 2
176: Z 65: entering office for a service 3
177: Z 55: entering office for a service 1
178: Z 27: entering office for a service 3
179: Z 52: entering office for a service 2
180: Z 92: entering office for a service 2
181: Z 67: entering office for a service 2
182: Z 18: entering office for a service 2
183: Z 98: entering office for a service 1
184: Z 23: entering office for a service 1
185: Z 105: entering office for a service 3
186: Z 96: entering office for a service 3
187: Z 68: entering office for a service 1
188: Z 38: entering office for a service 2
189: Z 115: entering office for a service 1
190: Z 42: entering office for a service 2
191: Z 128: entering office for a service 2
192: Z 51: entering office for a service 1
193: Z 36: entering office for a service 2
194: Z 59: entering office for a service 2
195: Z 140: entering office for a service 3
196: Z 62: entering office for a service 3
197: Z 102: entering office for a service 2
198: Z 35: entering office for a service 3
199: Z 48: entering office for a service 2
200: Z 89: entering office for a service 1
201: Z 139: entering office for a service 3
202: Z 130: entering office for a service 2
203: Z 33: entering office for a service 2
204: Z 133: entering office for a service 3
205: Z 40: entering office for a service 1
206: Z 69: entering office for a service 2
207: Z 82: entering office for a service 1
208: Z 144: entering office for a service 3
209: Z 54: entering office for a service 1
210: Z 32: entering office for a service 3
211: Z 16: entering office for a service 2
212: Z 45: entering office for a service 2
213: Z 46: entering office for a service 2
214: Z 26: entering office for a service 1
215: Z 109: entering office for a service 1
216: Z 20: entering office for a service 3
217: U 3: break finished
218: U 3: serving a service of type 3
219: Z 29: called by office worker
220: Z 112: entering office for a service 2
221: Z 31: entering office for a service 2
222: Z 94: entering office for a service 1
223: Z 58: entering office for a service 3
224: Z 5: entering office for a service 1
225: Z 64: entering office for a service 1
226: Z 44: entering office for a service 1
227: Z 8: entering office for a service 1
228: Z 129: entering office for a service 2
229: Z 30: entering office for a service 3
230: Z 11: entering office for a service 3
231: Z 114: entering office for a service 3
232: Z 21: entering office for a service 2
233: Z 95: entering office for a service 3
234: Z 1: entering office for a service 1
235: Z 77: entering office for a service 2
236: Z 3: entering office for a service 1
237: Z 74: entering office for a service 2
238: Z 86: entering office for a service 1
239: Z 49: entering office for a service 3
240: Z 91: entering office for a service 1
241: Z 107: entering office for a service 2
242: Z 17: entering office for a service 3
243: Z 28: entering office for a service 2
244: Z 100: entering office for a service 2
245: Z 143: entering office for a service 3
246: Z 146: entering office for a service 3
247: Z 15: entering office for a service 2
248: Z 87: entering office for a service 3
249: Z 149: entering office for a service 1
250: Z 47: entering office for a service 2
251: Z 39: entering office for a service 3
252: Z 61: entering office for a service 3
253: Z 73: entering office for a service 2
254: Z 2: entering office for a service 3
255: Z 43: entering office for a service 3
256: Z 75: entering office for a service 3
257: Z 111: entering office for a service 1
258: Z 119: entering office for a service 1
259: Z 99: entering office for a service 3
260: Z 7: entering office for a service 2
261: Z 80: entering office for a service 1
262: Z 145: entering office for a service 3
263: Z 57: entering office for a service 3
264: Z 10: entering office for a service 2
265: Z 63: entering office for a service 2
266: Z 24: entering office for a service 2
267: Z 138: entering office for a service 2
268: Z 56: entering office for a service 2
269: Z 142: entering office for a service 1
270: Z 14: entering office for a service 1
271: Z 108: entering office for a service 1
272: Z 90: entering office for a service 2
273: Z 150: entering office for a service 3
274: Z 70: entering office for a service 2
275: Z 93: entering office for a service 3
276: Z 135: entering office for a service 2
277: Z 66: entering office for a service 1
278: Z 118: entering office for a service 3
279: Z 25: entering office for a service 1
280: Z 76: entering office for a service 1
281: Z 37: entering office for a service 3
282: Z 120: entering office for a service 1
283: Z 72: entering office for a service 3
284: Z 121: entering office for a service 1
285: Z 122: entering office for a service 1
286: Z 41: entering office for a service 1
287: Z 104: entering office for a service 3
288: Z 79: entering office for a service 1
289: Z 88: entering office for a service 3
290: Z 19: entering office for a service 1
291: Z 110: entering office for a service 2
292: Z 34: entering office for a service 3
293: U 5: break finished
294: U 5: serving a service of type 1
295: Z 55: called by office worker
296: U 2: break finished
297: U 2: serving a service of type 2
298: Z 13: called by office worker
299: Z 78: entering office for a service 1
300: U 4: break finished
301: Z 85: entering office for a service 3
302: U 4: serving a service of type 2
303: Z 4: called by office worker
304: Z 106: entering office for a service 1
305: U 3: service finished
306: U 3: serving a service of type 2
307: Z 101: entering office for a service 1
308: Z 134: entering office for a service 1
309: Z 6: called by office worker
310: Z 137: entering office for a service 1
311: Z 81: entering office for a service 3
312: Z 83: entering office for a service 1
313: Z 103: entering office for a service 2
314: Z 123: entering office for a service 1
315: Z 4: going home
316: Z 124: entering office for a service 3
317: Z 132: entering office for a service 3
318: Z 29: going home
319: Z 6: going home
320: Z 97: entering office for a service 1
321: Z 84: entering office for a service 3
322: U 1: break finished
323: U 1: serving a service of type 3
324: Z 147: entering office for a service 1
325: Z 9: called by office worker
326: Z 113: entering office for a service 1
327: Z 116: entering office for a service 2
328: Z 136: entering office for a service 3
329: Z 125: entering office for a service 3
330: U 4: service finished
331: Z 126: entering office for a service 3
332: Z 12: called by office worker
333: U 4: serving a service of type 3
334: Z 131: entering office for a service 3
335: Z 117: entering office for a service 2
336: U 2: service finished
337: U 2: serving a service of type 1
338: Z 98: called by office worker
339: Z 127: entering office for a service 1
340: Z 148: entering office for a service 1
341: Z 141: entering office for a service 2
342: U 4: service finished
343: U 4: serving a service of type 3
344: Z 71: called by office worker
345: U 4: service finished
346: U 4: serving a service of type 3
347: Z 65: called by office worker
348: U 3: service finished
349: U 3: serving a service of type 2
350: Z 50: called by office worker
351: U 2: service finished
352: U 2: serving a service of type 2
353: Z 60: called by office worker
354: Z 55: going home
355: Z 50: going home
356: U 5: service finished
357: U 5: serving a service of type 3
358: Z 27: called by office worker
359: Z 60: going home
360: Z 9: going home
361: Z 65: going home
362: Z 13: going home
363: U 5: service finished
364: U 5: serving a service of type 2
365: Z 53: called by office worker
366: U 2: service finished
367: U 2: serving a service of type 1
368: Z 23: called by office worker
369: U 1: service finished
370: U 1: serving a service of type 2
371: Z 22: called by office worker
372: Z 22: going home
373: U 4: service finished
374: U 4: serving a service of type 2
375: Z 52: called by office worker
376: U 3: service finished
377: U 3: serving a service of type 1
378: Z 68: called by office worker
379: U 1: service finished
380: U 1: serving a service of type 3
381: Z 105: called by office worker
382: U 4: service finished
383: U 4: serving a service of type 2
384: Z 92: called by office worker
385: Z 98: going home
386: U 2: service finished
387: U 2: serving a service of type 2
388: Z 67: called by office worker
389: Z 12: going home
390: Z 53: going home
391: U 5: service finished
392: U 5: serving a service of type 3
393: Z 96: called by office worker
394: U 5: service finished
395: U 5: serving a service of type 3
396: Z 140: called by office worker
397: Z 71: going home
398: Z 105: going home
399: Z 92: going home
400: Z 68: going home
401: U 3: service finished
402: U 3: serving a service of type 3
403: Z 62: called by office worker
404: Z 23: going home
405: Z 96: going home
406: Z 67: going home
407: Z 27: going home
408: U 4: service finished
409: U 4: serving a service of type 2
410: Z 18: called by office worker
411: U 3: service finished
412: U 3: serving a service of type 3
413: Z 62: going home
414: Z 35: called by office worker
415: Z 35: going home
416: Z 52: going home
417: U 5: service finished
418: Z 140: going home
419: U 5: serving a service of type 1
420: Z 115: called by office worker
421: U 2: service finished
422: U 2: serving a service of type 3
423: Z 139: called by office worker
424: U 5: service finished
425: U 5: serving a service of type 3
426: Z 133: called by office worker
427: U 1: service finished
428: U 1: serving a service of type 2
429: Z 38: called by office worker
430: Z 115: going home
431: U 2: service finished
432: U 2: serving a service of type 1
433: Z 51: called by office worker
434: Z 18: going home
435: U 4: service finished
436: U 4: serving a service of type 1
437: Z 89: called by office worker
438: Z 89: going home
439: U 5: service finished
440: U 5: serving a service of type 2
441: Z 133: going home
442: Z 42: called by office worker
443: Z 51: going home
444: Z 38: going home
445: U 3: service finished
446: U 3: serving a service of type 3
447: Z 144: called by office worker
448: U 2: service finished
449: U 2: serving a service of type 3
450: Z 32: called by office worker
451: Z 32: going home
452: U 3: service finished
453: U 3: serving a service of type 3
454: Z 20: called by office worker
455: Z 139: going home
456: U 1: service finished
457: U 1: serving a service of type 3
458: Z 58: called by office worker
459: U 1: service finished
460: U 1: serving a service of type 3
461: Z 30: called by office worker
462: Z 42: going home
463: U 2: service finished
464: U 2: serving a service of type 2
465: Z 128: called by office worker
466: Z 128: going home
467: U 4: service finished
468: U 4: serving a service of type 3
469: Z 11: called by office worker
470: Z 58: going home
471: U 3: service finished
472: U 3: serving a service of type 1
473: Z 40: called by office worker
474: Z 40: going home
475: U 5: service finished
476: U 5: serving a service of type 2
477: Z 36: called by office worker
478: Z 20: going home
479: U 5: service finished
480: U 5: serving a service of type 2
481: Z 59: called by office worker
482: Z 30: going home
483: Z 59: going home
484: Z 11: going home
485: closing
486: U 1: service finished
487: U 1: serving a service of type 1
488: Z 82: called by office worker
489: U 1: service finished
490: U 1: serving a service of type 2
491: Z 102: called by office worker
492: Z 102: going home
493: Z 144: going home
494: U 3: service finished
495: U 3: serving a service of type 2
496: Z 48: called by office worker
497: Z 48: going home
498: U 5: service finished
499: U 5: serving a service of type 3
500: Z 114: called by office worker
501: U 2: service finished
502: U 2: serving a service of type 2
503: Z 130: called by office worker
504: Z 130: going home
505: U 4: service finished
506: U 4: serving a service of type 3
507: Z 95: called by office worker
508: Z 36: going home
509: Z 95: going home
510: U 3: service finished
511: U 3: serving a service of type 2
512: Z 33: called by office worker
513: U 2: service finished
514: U 2: serving a service of type 3
515: Z 49: called by office worker
516: U 4: service finished
517: U 4: serving a service of type 2
518: Z 69: called by office worker
519: U 5: service finished
520: Z 114: going home
521: U 5: serving a service of type 3
522: Z 17: called by office worker
523: Z 82: going home
524: U 1: service finished
525: U 1: serving a service of type 3
526: Z 143: called by office worker
527: Z 143: going home
528: U 3: service finished
529: U 3: serving a service of type 3
530: Z 146: called by office worker
531: Z 33: going home
532: Z 17: going home
533: U 2: service finished
534: U 2: serving a service of type 3
535: U 5: service finished
536: Z 87: called by office worker
537: U 5: serving a service of type 3
538: Z 39: called by office worker
539: U 1: service finished
540: U 1: serving a service of type 3
541: Z 61: called by office worker
542: Z 69: going home
543: Z 49: going home
544: U 3: service finished
545: U 3: serving a service of type 3
546: Z 2: called by office worker
547: U 4: service finished
548: U 4: serving a service of type 1
549: Z 54: called by office worker
550: Z 146: going home
551: Z 39: going home
552: Z 61: going home
553: Z 54: going home
554: Z 87: going home
555: U 2: service finished
556: U 5: service finished
557: U 5: serving a service of type 2
558: Z 26: called by office worker
559: U 2: serving a service of type 1
560: Z 26: going home
561: Z 16: called by office worker
562: U 4: service finished
563: U 4: serving a service of type 1
564: Z 109: called by office worker
565: U 3: service finished
566: U 3: serving a service of type 2
567: Z 45: called by office worker
568: U 1: service finished
569: U 1: serving a service of type 3
570: Z 43: called by office worker
571: U 5: service finished
572: U 5: serving a service of type 3
573: U 1: service finished
574: Z 75: called by office worker
575: Z 99: called by office worker
576: U 1: serving a service of type 3
577: Z 2: going home
578: U 2: service finished
579: U 2: serving a service of type 3
580: Z 145: called by office worker
581: U 3: service finished
582: U 3: serving a service of type 3
583: Z 57: called by office worker
584: U 1: service finished
585: U 1: serving a service of type 3
586: Z 150: called by office worker
587: Z 150: going home
588: Z 16: going home
589: U 4: service finished
590: U 4: serving a service of type 3
591: Z 93: called by office worker
592: Z 45: going home
593: U 4: service finished
594: U 4: serving a service of type 2
595: Z 99: going home
596: Z 46: called by office worker
597: U 3: service finished
598: U 3: serving a service of type 3
599: Z 118: called by office worker
600: U 5: service finished
601: U 5: serving a service of type 1
602: Z 145: going home
603: Z 94: called by office worker
604: U 4: service finished
605: U 1: service finished
606: U 4: serving a service of type 1
607: Z 46: going home
608: U 1: serving a service of type 2
609: Z 5: called by office worker
610: Z 112: called by office worker
611: U 4: service finished
612: U 4: serving a service of type 1
613: Z 64: called by office worker
614: Z 43: going home
615: Z 109: going home
616: Z 75: going home
617: Z 93: going home
618: Z 57: going home
619: U 3: service finished
620: U 3: serving a service of type 1
621: Z 118: going home
622: Z 44: called by office worker
623: Z 44: going home
624: U 5: service finished
625: U 5: serving a service of type 3
626: Z 37: called by office worker
627: Z 37: going home
628: U 2: service finished
629: U 2: serving a service of type 3
630: Z 72: called by office worker
631: Z 72: going home
632: U 1: service finished
633: Z 112: going home
634: U 1: serving a service of type 3
635: Z 104: called by office worker
636: Z 94: going home
637: Z 5: going home
638: U 4: service finished
639: U 4: serving a service of type 1
640: Z 8: called by office worker
641: U 3: service finished
642: U 3: serving a service of type 3
643: Z 88: called by office worker
644: Z 64: going home
645: U 2: service finished
646: U 2: serving a service of type 3
647: Z 34: called by office worker
648: U 5: service finished
649: U 5: serving a service of type 1
650: Z 1: called by office worker
651: Z 34: going home
652: U 2: service finished
653: U 2: serving a service of type 2
654: Z 31: called by office worker
655: Z 1: going home
656: U 4: service finished
657: U 4: serving a service of type 1
658: Z 104: going home
659: Z 3: called by office worker
660: Z 88: going home
661: U 2: service finished
662: U 2: serving a service of type 1
663: Z 86: called by office worker
664: U 2: service finished
665: U 2: serving a service of type 2
666: Z 129: called by office worker
667: Z 86: going home
668: U 1: service finished
669: U 1: serving a service of type 3
670: Z 85: called by office worker
671: Z 8: going home
672: U 3: service finished
673: U 3: serving a service of type 2
674: Z 21: called by office worker
675: U 3: service finished
676: U 3: serving a service of type 3
677: Z 81: called by office worker
678: U 5: service finished
679: U 5: serving a service of type 3
680: Z 124: called by office worker
681: U 5: service finished
682: U 5: serving a service of type 1
683: Z 91: called by office worker
684: Z 3: going home
685: Z 21: going home
686: Z 124: going home
687: Z 31: going home
688: Z 129: going home
689: U 1: service finished
690: U 1: serving a service of type 1
691: U 4: service finished
692: U 4: serving a service of type 3
693: Z 149: called by office worker
694: Z 132: called by office worker
695: U 2: service finished
696: U 2: serving a service of type 1
697: Z 111: called by office worker
698: U 1: service finished
699: U 1: serving a service of type 1
700: Z 119: called by office worker
701: U 4: service finished
702: U 4: serving a service of type 2
703: Z 77: called by office worker
704: U 2: service finished
705: U 2: serving a service of type 3
706: Z 84: called by office worker
707: Z 85: going home
708: Z 84: going home
709: U 5: service finished
710: U 5: serving a service of type 3
711: Z 136: called by office worker
712: Z 119: going home
713: Z 91: going home
714: Z 111: going home
715: U 3: service finished
716: Z 81: going home
717: U 3: serving a service of type 1
718: Z 132: going home
719: Z 80: called by office worker
720: Z 80: going home
721: U 2: service finished
722: U 2: serving a service of type 1
723: Z 142: called by office worker
724: Z 142: going home
725: U 4: service finished
726: U 4: serving a service of type 3
727: Z 125: called by office worker
728: Z 125: going home
729: Z 149: going home
730: Z 77: going home
731: Z 136: going home
732: U 2: service finished
733: U 2: serving a service of type 1
734: Z 14: called by office worker
735: U 3: service finished
736: U 3: serving a service of type 1
737: Z 108: called by office worker
738: U 1: service finished
739: U 1: serving a service of type 1
740: Z 66: called by office worker
741: U 1: service finished
742: U 1: serving a service of type 2
743: Z 74: called by office worker
744: U 4: service finished
745: U 4: serving a service of type 1
746: Z 25: called by office worker
747: Z 25: going home
748: U 5: service finished
749: U 5: serving a service of type 1
750: Z 76: called by office worker
751: U 2: service finished
752: U 2: serving a service of type 3
753: Z 126: called by office worker
754: Z 66: going home
755: Z 74: going home
756: Z 126: going home
757: U 5: service finished
758: U 5: serving a service of type 1
759: Z 120: called by office worker
760: Z 14: going home
761: Z 108: going home
762: Z 76: going home
763: Z 120: going home
764: U 3: service finished
765: U 3: serving a service of type 1
766: Z 121: called by office worker
767: U 2: service finished
768: U 2: serving a service of type 2
769: Z 107: called by office worker
770: U 3: service finished
771: U 3: serving a service of type 1
772: Z 122: called by office worker
773: U 1: service finished
774: U 1: serving a service of type 1
775: U 1: service finished
776: U 1: serving a service of type 2
777: Z 41: called by office worker
778: Z 28: called by office worker
779: Z 107: going home
780: U 4: service finished
781: U 4: serving a service of type 1
782: Z 79: called by office worker
783: U 4: service finished
784: U 4: serving a service of type 3
785: Z 28: going home
786: Z 131: called by office worker
787: U 1: service finished
788: U 1: serving a service of type 1
789: Z 19: called by office worker
790: Z 41: going home
791: U 4: service finished
792: U 4: serving a service of type 1
793: Z 78: called by office worker
794: Z 78: going home
795: U 5: service finished
796: U 5: serving a service of type 1
797: Z 106: called by office worker
798: Z 121: going home
799: Z 122: going home
800: U 3: service finished
801: U 3: serving a service of type 1
802: Z 101: called by office worker
803: Z 131: going home
804: U 4: service finished
805: U 4: serving a service of type 2
806: Z 100: called by office worker
807: U 4: service finished
808: U 4: serving a service of type 2
809: Z 15: called by office worker
810: U 2: service finished
811: U 2: serving a service of type 2
812: Z 47: called by office worker
813: U 2: service finished
814: U 2: serving a service of type 1
815: Z 134: called by office worker
816: Z 79: going home
817: U 3: service finished
818: U 3: serving a service of type 2
819: Z 73: called by office worker
820: U 1: service finished
821: U 1: serving a service of type 1
822: Z 137: called by office worker
823: U 3: service finished
824: U 3: serving a service of type 1
825: Z 83: called by office worker
826: Z 106: going home
827: U 5: service finished
828: U 5: serving a service of type 1
829: Z 123: called by office worker
830: U 5: service finished
831: U 5: serving a service of type 2
832: Z 7: called by office worker
833: Z 19: going home
834: Z 137: going home
835: Z 83: going home
836: Z 123: going home
837: U 2: service finished
838: U 2: serving a service of type 2
839: Z 10: called by office worker
840: U 2: service finished
841: U 2: serving a service of type 2
842: Z 63: called by office worker
843: Z 100: going home
844: U 5: service finished
845: Z 7: going home
846: U 5: serving a service of type 1
847: Z 97: called by office worker
848: Z 47: going home
849: Z 10: going home
850: Z 101: going home
851: U 1: service finished
852: U 1: serving a service of type 1
853: Z 147: called by office worker
854: U 4: service finished
855: Z 15: going home
856: U 4: serving a service of type 1
857: Z 113: called by office worker
858: Z 63: going home
859: Z 73: going home
860: U 5: service finished
861: U 5: serving a service of type 1
862: Z 127: called by office worker
863: Z 134: going home
864: Z 127: going home
865: U 2: service finished
866: U 2: serving a service of type 1
867: Z 148: called by office worker
868: U 3: service finished
869: U 3: serving a service of type 2
870: Z 24: called by office worker
871: Z 147: going home
872: U 5: service finished
873: U 5: serving a service of type 2
874: Z 138: called by office worker
875: U 4: service finished
876: U 4: serving a service of type 2
877: Z 56: called by office worker
878: U 3: service finished
879: U 3: serving a service of type 2
880: Z 90: called by office worker
881: Z 56: going home
882: U 2: service finished
883: U 2: serving a service of type 2
884: Z 70: called by office worker
885: Z 148: going home
886: Z 90: going home
887: Z 97: going home
888: Z 138: going home
889: U 1: service finished
890: U 1: serving a service of type 2
891: Z 135: called by office worker
892: Z 113: going home
893: U 4: service finished
894: U 4: serving a service of type 2
895: Z 110: called by office worker
896: Z 24: going home
897: U 3: service finished
898: U 3: serving a service of type 2
899: Z 103: called by office worker
900: U 3: service finished
901: U 3: serving a service of type 2
902: Z 116: called by office worker
903: Z 110: going home
904: Z 135: going home
905: U 5: service finished
906: U 5: serving a service of type 2
907: Z 117: called by office worker
908: Z 117: going home
909: U 4: service finished
910: U 4: serving a service of type 2
911: Z 141: called by office worker
912: U 2: service finished
913: U 2: going home
914: Z 70: going home
915: Z 116: going home
916: U 1: service finished
917: U 1: going home
918: U 3: service finished
919: U 3: going home
920: U 4: service finished
921: U 4: going home
922: Z 103: going home
923: Z 141: going home
924: U 5: service finished
925: U 5: going home
